// Jest Snapshot v1, https://goo.gl/fbAQLP

exports[`should render without crashing 1`] = `
<header
  className="header"
>
  <div
    className="container"
  >
    <div
      className="header__brand"
    >
      <Link
        className="link"
        replace={false}
        to="/"
      >
        MyDiary
      </Link>
    </div>
    <withRouter(Connect(SideBar)) />
  </div>
</header>
`;
